
> planet-of-the-free-child@0.1.0 build
> next build

▲ Next.js 16.3.1 (Turbopack)
✓ Running next.config.mjs took 51ms


> Build error occurred
Error: Both middleware file "./src/src/middleware.ts" and proxy file "./src/src/proxy.ts" are detected. Please use "./src/src/proxy.ts" only. Learn more: https://nextjs.org/docs/messages/middleware-to-proxy
    at ignore-listed frames
